Archive member included to satisfy reference by file (symbol)

d:/skola/mks/stm/stm32cubeide_1.4.0/stm32cubeide/plugins/com.st.stm32cube.ide.mcu.externaltools.gnu-tools-for-stm32.7-2018-q2-update.win32_1.4.0.202007081208/tools/bin/../lib/gcc/arm-none-eabi/7.3.1/../../../../arm-none-eabi/lib/thumb/v6-m\libc_nano.a(lib_a-errno.o)
                              Core/Src/syscalls.o (__errno)
d:/skola/mks/stm/stm32cubeide_1.4.0/stm32cubeide/plugins/com.st.stm32cube.ide.mcu.externaltools.gnu-tools-for-stm32.7-2018-q2-update.win32_1.4.0.202007081208/tools/bin/../lib/gcc/arm-none-eabi/7.3.1/../../../../arm-none-eabi/lib/thumb/v6-m\libc_nano.a(lib_a-exit.o)
                              d:/skola/mks/stm/stm32cubeide_1.4.0/stm32cubeide/plugins/com.st.stm32cube.ide.mcu.externaltools.gnu-tools-for-stm32.7-2018-q2-update.win32_1.4.0.202007081208/tools/bin/../lib/gcc/arm-none-eabi/7.3.1/../../../../arm-none-eabi/lib/thumb/v6-m/crt0.o (exit)
d:/skola/mks/stm/stm32cubeide_1.4.0/stm32cubeide/plugins/com.st.stm32cube.ide.mcu.externaltools.gnu-tools-for-stm32.7-2018-q2-update.win32_1.4.0.202007081208/tools/bin/../lib/gcc/arm-none-eabi/7.3.1/../../../../arm-none-eabi/lib/thumb/v6-m\libc_nano.a(lib_a-impure.o)
                              d:/skola/mks/stm/stm32cubeide_1.4.0/stm32cubeide/plugins/com.st.stm32cube.ide.mcu.externaltools.gnu-tools-for-stm32.7-2018-q2-update.win32_1.4.0.202007081208/tools/bin/../lib/gcc/arm-none-eabi/7.3.1/../../../../arm-none-eabi/lib/thumb/v6-m\libc_nano.a(lib_a-exit.o) (_global_impure_ptr)
d:/skola/mks/stm/stm32cubeide_1.4.0/stm32cubeide/plugins/com.st.stm32cube.ide.mcu.externaltools.gnu-tools-for-stm32.7-2018-q2-update.win32_1.4.0.202007081208/tools/bin/../lib/gcc/arm-none-eabi/7.3.1/../../../../arm-none-eabi/lib/thumb/v6-m\libc_nano.a(lib_a-init.o)
                              d:/skola/mks/stm/stm32cubeide_1.4.0/stm32cubeide/plugins/com.st.stm32cube.ide.mcu.externaltools.gnu-tools-for-stm32.7-2018-q2-update.win32_1.4.0.202007081208/tools/bin/../lib/gcc/arm-none-eabi/7.3.1/../../../../arm-none-eabi/lib/thumb/v6-m/crt0.o (__libc_init_array)
d:/skola/mks/stm/stm32cubeide_1.4.0/stm32cubeide/plugins/com.st.stm32cube.ide.mcu.externaltools.gnu-tools-for-stm32.7-2018-q2-update.win32_1.4.0.202007081208/tools/bin/../lib/gcc/arm-none-eabi/7.3.1/../../../../arm-none-eabi/lib/thumb/v6-m\libc_nano.a(lib_a-memset.o)
                              d:/skola/mks/stm/stm32cubeide_1.4.0/stm32cubeide/plugins/com.st.stm32cube.ide.mcu.externaltools.gnu-tools-for-stm32.7-2018-q2-update.win32_1.4.0.202007081208/tools/bin/../lib/gcc/arm-none-eabi/7.3.1/../../../../arm-none-eabi/lib/thumb/v6-m/crt0.o (memset)
d:/skola/mks/stm/stm32cubeide_1.4.0/stm32cubeide/plugins/com.st.stm32cube.ide.mcu.externaltools.gnu-tools-for-stm32.7-2018-q2-update.win32_1.4.0.202007081208/tools/bin/../lib/gcc/arm-none-eabi/7.3.1/thumb/v6-m\libgcc.a(_udivsi3.o)
                              Core/Src/sct.o (__aeabi_uidiv)
d:/skola/mks/stm/stm32cubeide_1.4.0/stm32cubeide/plugins/com.st.stm32cube.ide.mcu.externaltools.gnu-tools-for-stm32.7-2018-q2-update.win32_1.4.0.202007081208/tools/bin/../lib/gcc/arm-none-eabi/7.3.1/thumb/v6-m\libgcc.a(_dvmd_tls.o)
                              d:/skola/mks/stm/stm32cubeide_1.4.0/stm32cubeide/plugins/com.st.stm32cube.ide.mcu.externaltools.gnu-tools-for-stm32.7-2018-q2-update.win32_1.4.0.202007081208/tools/bin/../lib/gcc/arm-none-eabi/7.3.1/thumb/v6-m\libgcc.a(_udivsi3.o) (__aeabi_idiv0)

Allocating common symbols
Common symbol       size              file

uwTick              0x4               Drivers/STM32F0xx_HAL_Driver/Src/stm32f0xx_hal.o
pFlash              0x20              Drivers/STM32F0xx_HAL_Driver/Src/stm32f0xx_hal_flash.o
huart2              0x84              Core/Src/main.o

Discarded input sections

 .text          0x0000000000000000        0x0 d:/skola/mks/stm/stm32cubeide_1.4.0/stm32cubeide/plugins/com.st.stm32cube.ide.mcu.externaltools.gnu-tools-for-stm32.7-2018-q2-update.win32_1.4.0.202007081208/tools/bin/../lib/gcc/arm-none-eabi/7.3.1/thumb/v6-m/crti.o
 .data          0x0000000000000000        0x0 d:/skola/mks/stm/stm32cubeide_1.4.0/stm32cubeide/plugins/com.st.stm32cube.ide.mcu.externaltools.gnu-tools-for-stm32.7-2018-q2-update.win32_1.4.0.202007081208/tools/bin/../lib/gcc/arm-none-eabi/7.3.1/thumb/v6-m/crti.o
 .bss           0x0000000000000000        0x0 d:/skola/mks/stm/stm32cubeide_1.4.0/stm32cubeide/plugins/com.st.stm32cube.ide.mcu.externaltools.gnu-tools-for-stm32.7-2018-q2-update.win32_1.4.0.202007081208/tools/bin/../lib/gcc/arm-none-eabi/7.3.1/thumb/v6-m/crti.o
 .data          0x0000000000000000        0x4 d:/skola/mks/stm/stm32cubeide_1.4.0/stm32cubeide/plugins/com.st.stm32cube.ide.mcu.externaltools.gnu-tools-for-stm32.7-2018-q2-update.win32_1.4.0.202007081208/tools/bin/../lib/gcc/arm-none-eabi/7.3.1/thumb/v6-m/crtbegin.o
[...]
Memory Configuration

Name             Origin             Length             Attributes
RAM              0x0000000020000000 0x0000000000002000 xrw
FLASH            0x0000000008000000 0x0000000000010000 xr
*default*        0x0000000000000000 0xffffffffffffffff

Linker script and memory map

LOAD d:/skola/mks/stm/stm32cubeide_1.4.0/stm32cubeide/plugins/com.st.stm32cube.ide.mcu.externaltools.gnu-tools-for-stm32.7-2018-q2-update.win32_1.4.0.202007081208/tools/bin/../lib/gcc/arm-none-eabi/7.3.1/thumb/v6-m/crti.o
LOAD d:/skola/mks/stm/stm32cubeide_1.4.0/stm32cubeide/plugins/com.st.stm32cube.ide.mcu.externaltools.gnu-tools-for-stm32.7-2018-q2-update.win32_1.4.0.202007081208/tools/bin/../lib/gcc/arm-none-eabi/7.3.1/thumb/v6-m/crtbegin.o
LOAD d:/skola/mks/stm/stm32cubeide_1.4.0/stm32cubeide/plugins/com.st.stm32cube.ide.mcu.externaltools.gnu-tools-for-stm32.7-2018-q2-update.win32_1.4.0.202007081208/tools/bin/../lib/gcc/arm-none-eabi/7.3.1/../../../../arm-none-eabi/lib/thumb/v6-m/crt0.o
LOAD Core/Src/main.o
LOAD Core/Src/sct.o
LOAD Core/Src/stm32f0xx_hal_msp.o
LOAD Core/Src/stm32f0xx_it.o
LOAD Core/Src/syscalls.o
LOAD Core/Src/sysmem.o
LOAD Core/Src/system_stm32f0xx.o
LOAD Core/Startup/startup_stm32f030r8tx.o
LOAD Drivers/STM32F0xx_HAL_Driver/Src/stm32f0xx_hal.o
LOAD Drivers/STM32F0xx_HAL_Driver/Src/stm32f0xx_hal_cortex.o
LOAD Drivers/STM32F0xx_HAL_Driver/Src/stm32f0xx_hal_dma.o
LOAD Drivers/STM32F0xx_HAL_Driver/Src/stm32f0xx_hal_exti.o
LOAD Drivers/STM32F0xx_HAL_Driver/Src/stm32f0xx_hal_flash.o
LOAD Drivers/STM32F0xx_HAL_Driver/Src/stm32f0xx_hal_flash_ex.o
LOAD Drivers/STM32F0xx_HAL_Driver/Src/stm32f0xx_hal_gpio.o
LOAD Drivers/STM32F0xx_HAL_Driver/Src/stm32f0xx_hal_i2c.o
LOAD Drivers/STM32F0xx_HAL_Driver/Src/stm32f0xx_hal_i2c_ex.o
LOAD Drivers/STM32F0xx_HAL_Driver/Src/stm32f0xx_hal_pwr.o
LOAD Drivers/STM32F0xx_HAL_Driver/Src/stm32f0xx_hal_pwr_ex.o
LOAD Drivers/STM32F0xx_HAL_Driver/Src/stm32f0xx_hal_rcc.o
LOAD Drivers/STM32F0xx_HAL_Driver/Src/stm32f0xx_hal_rcc_ex.o
LOAD Drivers/STM32F0xx_HAL_Driver/Src/stm32f0xx_hal_tim.o
LOAD Drivers/STM32F0xx_HAL_Driver/Src/stm32f0xx_hal_tim_ex.o
LOAD Drivers/STM32F0xx_HAL_Driver/Src/stm32f0xx_hal_uart.o
LOAD Drivers/STM32F0xx_HAL_Driver/Src/stm32f0xx_hal_uart_ex.o
START GROUP
LOAD d:/skola/mks/stm/stm32cubeide_1.4.0/stm32cubeide/plugins/com.st.stm32cube.ide.mcu.externaltools.gnu-tools-for-stm32.7-2018-q2-update.win32_1.4.0.202007081208/tools/bin/../lib/gcc/arm-none-eabi/7.3.1/../../../../arm-none-eabi/lib/thumb/v6-m\libc_nano.a
LOAD d:/skola/mks/stm/stm32cubeide_1.4.0/stm32cubeide/plugins/com.st.stm32cube.ide.mcu.externaltools.gnu-tools-for-stm32.7-2018-q2-update.win32_1.4.0.202007081208/tools/bin/../lib/gcc/arm-none-eabi/7.3.1/../../../../arm-none-eabi/lib/thumb/v6-m\libm.a
END GROUP
START GROUP
LOAD d:/skola/mks/stm/stm32cubeide_1.4.0/stm32cubeide/plugins/com.st.stm32cube.ide.mcu.externaltools.gnu-tools-for-stm32.7-2018-q2-update.win32_1.4.0.202007081208/tools/bin/../lib/gcc/arm-none-eabi/7.3.1/thumb/v6-m\libgcc.a
LOAD d:/skola/mks/stm/stm32cubeide_1.4.0/stm32cubeide/plugins/com.st.stm32cube.ide.mcu.externaltools.gnu-tools-for-stm32.7-2018-q2-update.win32_1.4.0.202007081208/tools/bin/../lib/gcc/arm-none-eabi/7.3.1/../../../../arm-none-eabi/lib/thumb/v6-m\libc_nano.a
END GROUP
START GROUP
LOAD d:/skola/mks/stm/stm32cubeide_1.4.0/stm32cubeide/plugins/com.st.stm32cube.ide.mcu.externaltools.gnu-tools-for-stm32.7-2018-q2-update.win32_1.4.0.202007081208/tools/bin/../lib/gcc/arm-none-eabi/7.3.1/thumb/v6-m\libgcc.a
LOAD d:/skola/mks/stm/stm32cubeide_1.4.0/stm32cubeide/plugins/com.st.stm32cube.ide.mcu.externaltools.gnu-tools-for-stm32.7-2018-q2-update.win32_1.4.0.202007081208/tools/bin/../lib/gcc/arm-none-eabi/7.3.1/../../../../arm-none-eabi/lib/thumb/v6-m\libc_nano.a
LOAD d:/skola/mks/stm/stm32cubeide_1.4.0/stm32cubeide/plugins/com.st.stm32cube.ide.mcu.externaltools.gnu-tools-for-stm32.7-2018-q2-update.win32_1.4.0.202007081208/tools/bin/../lib/gcc/arm-none-eabi/7.3.1/../../../../arm-none-eabi/lib/thumb/v6-m\libnosys.a
END GROUP
START GROUP
LOAD d:/skola/mks/stm/stm32cubeide_1.4.0/stm32cubeide/plugins/com.st.stm32cube.ide.mcu.externaltools.gnu-tools-for-stm32.7-2018-q2-update.win32_1.4.0.202007081208/tools/bin/../lib/gcc/arm-none-eabi/7.3.1/thumb/v6-m\libgcc.a
LOAD d:/skola/mks/stm/stm32cubeide_1.4.0/stm32cubeide/plugins/com.st.stm32cube.ide.mcu.externaltools.gnu-tools-for-stm32.7-2018-q2-update.win32_1.4.0.202007081208/tools/bin/../lib/gcc/arm-none-eabi/7.3.1/../../../../arm-none-eabi/lib/thumb/v6-m\libc_nano.a
LOAD d:/skola/mks/stm/stm32cubeide_1.4.0/stm32cubeide/plugins/com.st.stm32cube.ide.mcu.externaltools.gnu-tools-for-stm32.7-2018-q2-update.win32_1.4.0.202007081208/tools/bin/../lib/gcc/arm-none-eabi/7.3.1/../../../../arm-none-eabi/lib/thumb/v6-m\libnosys.a
END GROUP
LOAD d:/skola/mks/stm/stm32cubeide_1.4.0/stm32cubeide/plugins/com.st.stm32cube.ide.mcu.externaltools.gnu-tools-for-stm32.7-2018-q2-update.win32_1.4.0.202007081208/tools/bin/../lib/gcc/arm-none-eabi/7.3.1/thumb/v6-m/crtend.o
LOAD d:/skola/mks/stm/stm32cubeide_1.4.0/stm32cubeide/plugins/com.st.stm32cube.ide.mcu.externaltools.gnu-tools-for-stm32.7-2018-q2-update.win32_1.4.0.202007081208/tools/bin/../lib/gcc/arm-none-eabi/7.3.1/thumb/v6-m/crtn.o
                0x0000000020002000                _estack = (ORIGIN (RAM) + LENGTH (RAM))
                0x0000000000000200                _Min_Heap_Size = 0x200
                0x0000000000000400                _Min_Stack_Size = 0x400

.isr_vector     0x0000000008000000       0xc0
                0x0000000008000000                . = ALIGN (0x4)
 *(.isr_vector)
 .isr_vector    0x0000000008000000       0xc0 Core/Startup/startup_stm32f030r8tx.o
                0x0000000008000000                g_pfnVectors
                0x00000000080000c0                . = ALIGN (0x4)

.text           0x00000000080000c0     0x1ba4
                0x00000000080000c0                . = ALIGN (0x4)
 *(.text)
 .text          0x00000000080000c0       0x48 d:/skola/mks/stm/stm32cubeide_1.4.0/stm32cubeide/plugins/com.st.stm32cube.ide.mcu.externaltools.gnu-tools-for-stm32.7-2018-q2-update.win32_1.4.0.202007081208/tools/bin/../lib/gcc/arm-none-eabi/7.3.1/thumb/v6-m/crtbegin.o
 .text          0x0000000008000108      0x114 d:/skola/mks/stm/stm32cubeide_1.4.0/stm32cubeide/plugins/com.st.stm32cube.ide.mcu.externaltools.gnu-tools-for-stm32.7-2018-q2-update.win32_1.4.0.202007081208/tools/bin/../lib/gcc/arm-none-eabi/7.3.1/thumb/v6-m\libgcc.a(_udivsi3.o)
                0x0000000008000108                __aeabi_uidiv
                0x0000000008000108                __udivsi3
                0x0000000008000214                __aeabi_uidivmod
 .text          0x000000000800021c        0x4 d:/skola/mks/stm/stm32cubeide_1.4.0/stm32cubeide/plugins/com.st.stm32cube.ide.mcu.externaltools.gnu-tools-for-stm32.7-2018-q2-update.win32_1.4.0.202007081208/tools/bin/../lib/gcc/arm-none-eabi/7.3.1/thumb/v6-m\libgcc.a(_dvmd_tls.o)
                0x000000000800021c                __aeabi_idiv0
                0x000000000800021c                __aeabi_ldiv0
 *(.text*)
 .text.main     0x0000000008000220       0xf8 Core/Src/main.o
                0x0000000008000220                main
 .text.SystemClock_Config
                0x0000000008000318       0x94 Core/Src/main.o
                0x0000000008000318                SystemClock_Config
 .text.MX_USART2_UART_Init
                0x00000000080003ac       0x60 Core/Src/main.o
 .text.MX_GPIO_Init
                0x000000000800040c      0x150 Core/Src/main.o
 .text.Error_Handler
                0x000000000800055c        0xa Core/Src/main.o
                0x000000000800055c                Error_Handler
 *fill*         0x0000000008000566        0x2 
 .text.sct_led  0x0000000008000568       0x80 Core/Src/sct.o
                0x0000000008000568                sct_led
 .text.sct_init
                0x00000000080005e8       0x20 Core/Src/sct.o
                0x00000000080005e8                sct_init
 .text.HAL_MspInit
                0x0000000008000608       0x48 Core/Src/stm32f0xx_hal_msp.o
                0x0000000008000608                HAL_MspInit
 .text.HAL_UART_MspInit
                0x0000000008000650       0x98 Core/Src/stm32f0xx_hal_msp.o
                0x0000000008000650                HAL_UART_MspInit
 .text.NMI_Handler
                0x00000000080006e8        0xa Core/Src/stm32f0xx_it.o
                0x00000000080006e8                NMI_Handler
 .text.HardFault_Handler
                0x00000000080006f2        0x6 Core/Src/stm32f0xx_it.o
                0x00000000080006f2                HardFault_Handler
 .text.SVC_Handler
                0x00000000080006f8        0xa Core/Src/stm32f0xx_it.o
                0x00000000080006f8                SVC_Handler
 .text.PendSV_Handler
                0x0000000008000702        0xa Core/Src/stm32f0xx_it.o
                0x0000000008000702                PendSV_Handler
 .text.SysTick_Handler
                0x000000000800070c        0xe Core/Src/stm32f0xx_it.o
                0x000000000800070c                SysTick_Handler
 .text.SystemInit
                0x000000000800071a        0xa Core/Src/system_stm32f0xx.o
                0x000000000800071a                SystemInit
 .text.Reset_Handler
                0x0000000008000724       0x50 Core/Startup/startup_stm32f030r8tx.o
                0x0000000008000724                Reset_Handler
 .text.Default_Handler
                0x0000000008000774        0x2 Core/Startup/startup_stm32f030r8tx.o
                0x0000000008000774                TIM1_CC_IRQHandler
                0x0000000008000774                TIM6_IRQHandler
                0x0000000008000774                I2C1_IRQHandler
                0x0000000008000774                SPI1_IRQHandler
                0x0000000008000774                EXTI2_3_IRQHandler
                0x0000000008000774                ADC1_IRQHandler
                0x0000000008000774                I2C2_IRQHandler
                0x0000000008000774                TIM17_IRQHandler
                0x0000000008000774                RTC_IRQHandler
                0x0000000008000774                TIM16_IRQHandler
                0x0000000008000774                TIM3_IRQHandler
                0x0000000008000774                EXTI4_15_IRQHandler
                0x0000000008000774                RCC_IRQHandler
                0x0000000008000774                DMA1_Channel1_IRQHandler
                0x0000000008000774                Default_Handler
                0x0000000008000774                TIM14_IRQHandler
                0x0000000008000774                DMA1_Channel4_5_IRQHandler
                0x0000000008000774                TIM15_IRQHandler
                0x0000000008000774                EXTI0_1_IRQHandler
                0x0000000008000774                SPI2_IRQHandler
                0x0000000008000774                WWDG_IRQHandler
                0x0000000008000774                DMA1_Channel2_3_IRQHandler
                0x0000000008000774                USART2_IRQHandler
                0x0000000008000774                FLASH_IRQHandler
                0x0000000008000774                USART1_IRQHandler
                0x0000000008000774                TIM1_BRK_UP_TRG_COM_IRQHandler
 *fill*         0x0000000008000776        0x2 
 .text.HAL_Init
                0x0000000008000778       0x28 Drivers/STM32F0xx_HAL_Driver/Src/stm32f0xx_hal.o
                0x0000000008000778                HAL_Init
 .text.HAL_InitTick
                0x00000000080007a0       0x68 Drivers/STM32F0xx_HAL_Driver/Src/stm32f0xx_hal.o
                0x00000000080007a0                HAL_InitTick
 .text.HAL_IncTick
                0x0000000008000808       0x24 Drivers/STM32F0xx_HAL_Driver/Src/stm32f0xx_hal.o
                0x0000000008000808                HAL_IncTick
 .text.HAL_GetTick
                0x000000000800082c       0x14 Drivers/STM32F0xx_HAL_Driver/Src/stm32f0xx_hal.o
                0x000000000800082c                HAL_GetTick
 .text.__NVIC_SetPriority
                0x0000000008000840       0xdc Drivers/STM32F0xx_HAL_Driver/Src/stm32f0xx_hal_cortex.o
 .text.SysTick_Config
                0x000000000800091c       0x48 Drivers/STM32F0xx_HAL_Driver/Src/stm32f0xx_hal_cortex.o
 .text.HAL_NVIC_SetPriority
                0x0000000008000964       0x2a Drivers/STM32F0xx_HAL_Driver/Src/stm32f0xx_hal_cortex.o
                0x0000000008000964                HAL_NVIC_SetPriority
 .text.HAL_SYSTICK_Config
                0x000000000800098e       0x1a Drivers/STM32F0xx_HAL_Driver/Src/stm32f0xx_hal_cortex.o
                0x000000000800098e                HAL_SYSTICK_Config
 .text.HAL_GPIO_Init
                0x00000000080009a8      0x2e0 Drivers/STM32F0xx_HAL_Driver/Src/stm32f0xx_hal_gpio.o
                0x00000000080009a8                HAL_GPIO_Init
 .text.HAL_GPIO_ReadPin
                0x0000000008000c88       0x3a Drivers/STM32F0xx_HAL_Driver/Src/stm32f0xx_hal_gpio.o
                0x0000000008000c88                HAL_GPIO_ReadPin
 .text.HAL_GPIO_WritePin
                0x0000000008000cc2       0x3a Drivers/STM32F0xx_HAL_Driver/Src/stm32f0xx_hal_gpio.o
                0x0000000008000cc2                HAL_GPIO_WritePin
 .text.HAL_RCC_OscConfig
                0x0000000008000cfc      0x638 Drivers/STM32F0xx_HAL_Driver/Src/stm32f0xx_hal_rcc.o
                0x0000000008000cfc                HAL_RCC_OscConfig
 .text.HAL_RCC_ClockConfig
                0x0000000008001334      0x19c Drivers/STM32F0xx_HAL_Driver/Src/stm32f0xx_hal_rcc.o
                0x0000000008001334                HAL_RCC_ClockConfig
 .text.HAL_RCC_GetSysClockFreq
                0x00000000080014d0       0xc8 Drivers/STM32F0xx_HAL_Driver/Src/stm32f0xx_hal_rcc.o
                0x00000000080014d0                HAL_RCC_GetSysClockFreq
 .text.HAL_RCC_GetHCLKFreq
                0x0000000008001598       0x14 Drivers/STM32F0xx_HAL_Driver/Src/stm32f0xx_hal_rcc.o
                0x0000000008001598                HAL_RCC_GetHCLKFreq
 .text.HAL_RCC_GetPCLK1Freq
                0x00000000080015ac       0x2c Drivers/STM32F0xx_HAL_Driver/Src/stm32f0xx_hal_rcc.o
                0x00000000080015ac                HAL_RCC_GetPCLK1Freq
 .text.HAL_UART_Init
                0x00000000080015d8       0xa8 Drivers/STM32F0xx_HAL_Driver/Src/stm32f0xx_hal_uart.o
                0x00000000080015d8                HAL_UART_Init
 .text.UART_SetConfig
                0x0000000008001680      0x27c Drivers/STM32F0xx_HAL_Driver/Src/stm32f0xx_hal_uart.o
                0x0000000008001680                UART_SetConfig
 .text.UART_AdvFeatureConfig
                0x00000000080018fc      0x168 Drivers/STM32F0xx_HAL_Driver/Src/stm32f0xx_hal_uart.o
                0x00000000080018fc                UART_AdvFeatureConfig
 .text.UART_CheckIdleState
                0x0000000008001a64       0x94 Drivers/STM32F0xx_HAL_Driver/Src/stm32f0xx_hal_uart.o
                0x0000000008001a64                UART_CheckIdleState
 .text.UART_WaitOnFlagUntilTimeout
                0x0000000008001af8       0xfc Drivers/STM32F0xx_HAL_Driver/Src/stm32f0xx_hal_uart.o
                0x0000000008001af8                UART_WaitOnFlagUntilTimeout
 .text.__libc_init_array
                0x0000000008001bf4       0x48 d:/skola/mks/stm/stm32cubeide_1.4.0/stm32cubeide/plugins/com.st.stm32cube.ide.mcu.externaltools.gnu-tools-for-stm32.7-2018-q2-update.win32_1.4.0.202007081208/tools/bin/../lib/gcc/arm-none-eabi/7.3.1/../../../../arm-none-eabi/lib/thumb/v6-m\libc_nano.a(lib_a-init.o)
                0x0000000008001bf4                __libc_init_array
 .text.memset   0x0000000008001c3c       0x10 d:/skola/mks/stm/stm32cubeide_1.4.0/stm32cubeide/plugins/com.st.stm32cube.ide.mcu.externaltools.gnu-tools-for-stm32.7-2018-q2-update.win32_1.4.0.202007081208/tools/bin/../lib/gcc/arm-none-eabi/7.3.1/../../../../arm-none-eabi/lib/thumb/v6-m\libc_nano.a(lib_a-memset.o)
                0x0000000008001c3c                memset
 *(.glue_7)
 .glue_7        0x0000000008001c4c        0x0 linker stubs
 *(.glue_7t)
 .glue_7t       0x0000000008001c4c        0x0 linker stubs
 *(.eh_frame)
 .eh_frame      0x0000000008001c4c        0x0 d:/skola/mks/stm/stm32cubeide_1.4.0/stm32cubeide/plugins/com.st.stm32cube.ide.mcu.externaltools.gnu-tools-for-stm32.7-2018-q2-update.win32_1.4.0.202007081208/tools/bin/../lib/gcc/arm-none-eabi/7.3.1/thumb/v6-m/crtbegin.o
 *(.init)
 .init          0x0000000008001c4c        0x4 d:/skola/mks/stm/stm32cubeide_1.4.0/stm32cubeide/plugins/com.st.stm32cube.ide.mcu.externaltools.gnu-tools-for-stm32.7-2018-q2-update.win32_1.4.0.202007081208/tools/bin/../lib/gcc/arm-none-eabi/7.3.1/thumb/v6-m/crti.o
                0x0000000008001c4c                _init
 .init          0x0000000008001c50        0x8 d:/skola/mks/stm/stm32cubeide_1.4.0/stm32cubeide/plugins/com.st.stm32cube.ide.mcu.externaltools.gnu-tools-for-stm32.7-2018-q2-update.win32_1.4.0.202007081208/tools/bin/../lib/gcc/arm-none-eabi/7.3.1/thumb/v6-m/crtn.o
 *(.fini)
 .fini          0x0000000008001c58        0x4 d:/skola/mks/stm/stm32cubeide_1.4.0/stm32cubeide/plugins/com.st.stm32cube.ide.mcu.externaltools.gnu-tools-for-stm32.7-2018-q2-update.win32_1.4.0.202007081208/tools/bin/../lib/gcc/arm-none-eabi/7.3.1/thumb/v6-m/crti.o
                0x0000000008001c58                _fini
 .fini          0x0000000008001c5c        0x8 d:/skola/mks/stm/stm32cubeide_1.4.0/stm32cubeide/plugins/com.st.stm32cube.ide.mcu.externaltools.gnu-tools-for-stm32.7-2018-q2-update.win32_1.4.0.202007081208/tools/bin/../lib/gcc/arm-none-eabi/7.3.1/thumb/v6-m/crtn.o
                0x0000000008001c64                . = ALIGN (0x4)
                0x0000000008001c64                _etext = .

.vfp11_veneer   0x0000000008001c64        0x0
 .vfp11_veneer  0x0000000008001c64        0x0 linker stubs

.v4_bx          0x0000000008001c64        0x0
 .v4_bx         0x0000000008001c64        0x0 linker stubs

.iplt           0x0000000008001c64        0x0
 .iplt          0x0000000008001c64        0x0 d:/skola/mks/stm/stm32cubeide_1.4.0/stm32cubeide/plugins/com.st.stm32cube.ide.mcu.externaltools.gnu-tools-for-stm32.7-2018-q2-update.win32_1.4.0.202007081208/tools/bin/../lib/gcc/arm-none-eabi/7.3.1/thumb/v6-m/crtbegin.o

.rodata         0x0000000008001c64       0x38
                0x0000000008001c64                . = ALIGN (0x4)
 *(.rodata)
 .rodata        0x0000000008001c64       0x20 Drivers/STM32F0xx_HAL_Driver/Src/stm32f0xx_hal_rcc.o
 *(.rodata*)
 .rodata.AHBPrescTable
                0x0000000008001c84       0x10 Core/Src/system_stm32f0xx.o
                0x0000000008001c84                AHBPrescTable
 .rodata.APBPrescTable
                0x0000000008001c94        0x8 Core/Src/system_stm32f0xx.o
                0x0000000008001c94                APBPrescTable
                0x0000000008001c9c                . = ALIGN (0x4)

.rel.dyn        0x0000000008001c9c        0x0
 .rel.iplt      0x0000000008001c9c        0x0 d:/skola/mks/stm/stm32cubeide_1.4.0/stm32cubeide/plugins/com.st.stm32cube.ide.mcu.externaltools.gnu-tools-for-stm32.7-2018-q2-update.win32_1.4.0.202007081208/tools/bin/../lib/gcc/arm-none-eabi/7.3.1/thumb/v6-m/crtbegin.o

.ARM.extab      0x0000000008001c9c        0x0
                0x0000000008001c9c                . = ALIGN (0x4)
 *(.ARM.extab* .gnu.linkonce.armextab.*)
                0x0000000008001c9c                . = ALIGN (0x4)

.ARM            0x0000000008001c9c        0x0
                0x0000000008001c9c                . = ALIGN (0x4)
                0x0000000008001c9c                __exidx_start = .
 *(.ARM.exidx*)
                0x0000000008001c9c                __exidx_end = .
                0x0000000008001c9c                . = ALIGN (0x4)

.preinit_array  0x0000000008001c9c        0x0
                0x0000000008001c9c                . = ALIGN (0x4)
                0x0000000008001c9c                PROVIDE (__preinit_array_start = .)
 *(.preinit_array*)
                0x0000000008001c9c                PROVIDE (__preinit_array_end = .)
                0x0000000008001c9c                . = ALIGN (0x4)

.init_array     0x0000000008001c9c        0x4
                0x0000000008001c9c                . = ALIGN (0x4)
                0x0000000008001c9c                PROVIDE (__init_array_start = .)
 *(SORT_BY_NAME(.init_array.*))
 *(.init_array*)
 .init_array    0x0000000008001c9c        0x4 d:/skola/mks/stm/stm32cubeide_1.4.0/stm32cubeide/plugins/com.st.stm32cube.ide.mcu.externaltools.gnu-tools-for-stm32.7-2018-q2-update.win32_1.4.0.202007081208/tools/bin/../lib/gcc/arm-none-eabi/7.3.1/thumb/v6-m/crtbegin.o
                0x0000000008001ca0                PROVIDE (__init_array_end = .)
                0x0000000008001ca0                . = ALIGN (0x4)

.fini_array     0x0000000008001ca0        0x4
                0x0000000008001ca0                . = ALIGN (0x4)
                [!provide]                        PROVIDE (__fini_array_start = .)
 *(SORT_BY_NAME(.fini_array.*))
 *(.fini_array*)
 .fini_array    0x0000000008001ca0        0x4 d:/skola/mks/stm/stm32cubeide_1.4.0/stm32cubeide/plugins/com.st.stm32cube.ide.mcu.externaltools.gnu-tools-for-stm32.7-2018-q2-update.win32_1.4.0.202007081208/tools/bin/../lib/gcc/arm-none-eabi/7.3.1/thumb/v6-m/crtbegin.o
                [!provide]                        PROVIDE (__fini_array_end = .)
                0x0000000008001ca4                . = ALIGN (0x4)
                0x0000000008001ca4                _sidata = LOADADDR (.data)

.data           0x0000000020000000       0x10 load address 0x0000000008001ca4
                0x0000000020000000                . = ALIGN (0x4)
                0x0000000020000000                _sdata = .
 *(.data)
 *(.data*)
 .data.state_S2.5526
                0x0000000020000000        0x1 Core/Src/main.o
 *fill*         0x0000000020000001        0x3 
 .data.SystemCoreClock
                0x0000000020000004        0x4 Core/Src/system_stm32f0xx.o
                0x0000000020000004                SystemCoreClock
 .data.uwTickPrio
                0x0000000020000008        0x4 Drivers/STM32F0xx_HAL_Driver/Src/stm32f0xx_hal.o
                0x0000000020000008                uwTickPrio
 .data.uwTickFreq
                0x000000002000000c        0x1 Drivers/STM32F0xx_HAL_Driver/Src/stm32f0xx_hal.o
                0x000000002000000c                uwTickFreq
                0x0000000020000010                . = ALIGN (0x4)
 *fill*         0x000000002000000d        0x3 
                0x0000000020000010                _edata = .

.igot.plt       0x0000000020000010        0x0 load address 0x0000000008001cb4
 .igot.plt      0x0000000020000010        0x0 d:/skola/mks/stm/stm32cubeide_1.4.0/stm32cubeide/plugins/com.st.stm32cube.ide.mcu.externaltools.gnu-tools-for-stm32.7-2018-q2-update.win32_1.4.0.202007081208/tools/bin/../lib/gcc/arm-none-eabi/7.3.1/thumb/v6-m/crtbegin.o
                0x0000000020000010                . = ALIGN (0x4)

.bss            0x0000000020000010       0xb8 load address 0x0000000008001cb4
                0x0000000020000010                _sbss = .
                0x0000000020000010                __bss_start__ = _sbss
 *(.bss)
 .bss           0x0000000020000010       0x1c d:/skola/mks/stm/stm32cubeide_1.4.0/stm32cubeide/plugins/com.st.stm32cube.ide.mcu.externaltools.gnu-tools-for-stm32.7-2018-q2-update.win32_1.4.0.202007081208/tools/bin/../lib/gcc/arm-none-eabi/7.3.1/thumb/v6-m/crtbegin.o
 *(.bss*)
 .bss.time      0x000000002000002c        0x4 Core/Src/main.o
                0x000000002000002c                time
 .bss.state_S1.5530
                0x0000000020000030        0x1 Core/Src/main.o
 *fill*         0x0000000020000031        0x3 
 .bss.mezicas.5533
                0x0000000020000034        0x4 Core/Src/main.o
 .bss.delay.5531
                0x0000000020000038        0x4 Core/Src/main.o
 .bss.rozdil.5532
                0x000000002000003c        0x4 Core/Src/main.o
 *(COMMON)
 COMMON         0x0000000020000040       0x84 Core/Src/main.o
                0x0000000020000040                huart2
 COMMON         0x00000000200000c4        0x4 Drivers/STM32F0xx_HAL_Driver/Src/stm32f0xx_hal.o
                0x00000000200000c4                uwTick
                0x00000000200000c8                . = ALIGN (0x4)
                0x00000000200000c8                _ebss = .
                0x00000000200000c8                __bss_end__ = _ebss

._user_heap_stack
                0x00000000200000c8      0x600 load address 0x0000000008001cb4
                0x00000000200000c8                . = ALIGN (0x8)
                [!provide]                        PROVIDE (end = .)
                0x00000000200000c8                PROVIDE (_end = .)
                0x00000000200002c8                . = (. + _Min_Heap_Size)
 *fill*         0x00000000200000c8      0x200 
                0x00000000200006c8                . = (. + _Min_Stack_Size)
 *fill*         0x00000000200002c8      0x400 
                0x00000000200006c8                . = ALIGN (0x8)

/DISCARD/
 libc.a(*)
 libm.a(*)
 libgcc.a(*)

.ARM.attributes
                0x0000000000000000       0x28
 *(.ARM.attributes)
 .ARM.attributes
                0x0000000000000000       0x1e d:/skola/mks/stm/stm32cubeide_1.4.0/stm32cubeide/plugins/com.st.stm32cube.ide.mcu.externaltools.gnu-tools-for-stm32.7-2018-q2-update.win32_1.4.0.202007081208/tools/bin/../lib/gcc/arm-none-eabi/7.3.1/thumb/v6-m/crti.o
 .ARM.attributes
                0x000000000000001e       0x2c d:/skola/mks/stm/stm32cubeide_1.4.0/stm32cubeide/plugins/com.st.stm32cube.ide.mcu.externaltools.gnu-tools-for-stm32.7-2018-q2-update.win32_1.4.0.202007081208/tools/bin/../lib/gcc/arm-none-eabi/7.3.1/thumb/v6-m/crtbegin.o
 .ARM.attributes
                0x000000000000004a       0x31 Core/Src/main.o
 .ARM.attributes
                0x000000000000007b       0x31 Core/Src/sct.o
 .ARM.attributes
                0x00000000000000ac       0x31 Core/Src/stm32f0xx_hal_msp.o
 .ARM.attributes
                0x00000000000000dd       0x31 Core/Src/stm32f0xx_it.o
 .ARM.attributes
                0x000000000000010e       0x31 Core/Src/system_stm32f0xx.o
 .ARM.attributes
                0x000000000000013f       0x21 Core/Startup/startup_stm32f030r8tx.o
 .ARM.attributes
                0x0000000000000160       0x31 Drivers/STM32F0xx_HAL_Driver/Src/stm32f0xx_hal.o
 .ARM.attributes
                0x0000000000000191       0x31 Drivers/STM32F0xx_HAL_Driver/Src/stm32f0xx_hal_cortex.o
 .ARM.attributes
                0x00000000000001c2       0x31 Drivers/STM32F0xx_HAL_Driver/Src/stm32f0xx_hal_gpio.o
 .ARM.attributes
                0x00000000000001f3       0x31 Drivers/STM32F0xx_HAL_Driver/Src/stm32f0xx_hal_rcc.o
 .ARM.attributes
                0x0000000000000224       0x31 Drivers/STM32F0xx_HAL_Driver/Src/stm32f0xx_hal_uart.o
 .ARM.attributes
                0x0000000000000255       0x2c d:/skola/mks/stm/stm32cubeide_1.4.0/stm32cubeide/plugins/com.st.stm32cube.ide.mcu.externaltools.gnu-tools-for-stm32.7-2018-q2-update.win32_1.4.0.202007081208/tools/bin/../lib/gcc/arm-none-eabi/7.3.1/../../../../arm-none-eabi/lib/thumb/v6-m\libc_nano.a(lib_a-init.o)
 .ARM.attributes
                0x0000000000000281       0x2c d:/skola/mks/stm/stm32cubeide_1.4.0/stm32cubeide/plugins/com.st.stm32cube.ide.mcu.externaltools.gnu-tools-for-stm32.7-2018-q2-update.win32_1.4.0.202007081208/tools/bin/../lib/gcc/arm-none-eabi/7.3.1/../../../../arm-none-eabi/lib/thumb/v6-m\libc_nano.a(lib_a-memset.o)
 .ARM.attributes
                0x00000000000002ad       0x1e d:/skola/mks/stm/stm32cubeide_1.4.0/stm32cubeide/plugins/com.st.stm32cube.ide.mcu.externaltools.gnu-tools-for-stm32.7-2018-q2-update.win32_1.4.0.202007081208/tools/bin/../lib/gcc/arm-none-eabi/7.3.1/thumb/v6-m\libgcc.a(_udivsi3.o)
 .ARM.attributes
                0x00000000000002cb       0x1e d:/skola/mks/stm/stm32cubeide_1.4.0/stm32cubeide/plugins/com.st.stm32cube.ide.mcu.externaltools.gnu-tools-for-stm32.7-2018-q2-update.win32_1.4.0.202007081208/tools/bin/../lib/gcc/arm-none-eabi/7.3.1/thumb/v6-m\libgcc.a(_dvmd_tls.o)
 .ARM.attributes
                0x00000000000002e9       0x1e d:/skola/mks/stm/stm32cubeide_1.4.0/stm32cubeide/plugins/com.st.stm32cube.ide.mcu.externaltools.gnu-tools-for-stm32.7-2018-q2-update.win32_1.4.0.202007081208/tools/bin/../lib/gcc/arm-none-eabi/7.3.1/thumb/v6-m/crtn.o
OUTPUT(pokus1.elf elf32-littlearm)

.debug_info     0x0000000000000000     0x4dba
 .debug_info    0x0000000000000000      0xb2c Core/Src/main.o
 .debug_info    0x0000000000000b2c      0x2ae Core/Src/sct.o
 .debug_info    0x0000000000000dda      0x8ff Core/Src/stm32f0xx_hal_msp.o
 .debug_info    0x00000000000016d9      0x1a2 Core/Src/stm32f0xx_it.o
 .debug_info    0x000000000000187b      0x29e Core/Src/system_stm32f0xx.o
 .debug_info    0x0000000000001b19       0x22 Core/Startup/startup_stm32f030r8tx.o
 .debug_info    0x0000000000001b3b      0x685 Drivers/STM32F0xx_HAL_Driver/Src/stm32f0xx_hal.o
 .debug_info    0x00000000000021c0      0x762 Drivers/STM32F0xx_HAL_Driver/Src/stm32f0xx_hal_cortex.o
 .debug_info    0x0000000000002922      0x674 Drivers/STM32F0xx_HAL_Driver/Src/stm32f0xx_hal_gpio.o
 .debug_info    0x0000000000002f96      0x80a Drivers/STM32F0xx_HAL_Driver/Src/stm32f0xx_hal_rcc.o
 .debug_info    0x00000000000037a0     0x161a Drivers/STM32F0xx_HAL_Driver/Src/stm32f0xx_hal_uart.o

.debug_abbrev   0x0000000000000000     0x10fe
 .debug_abbrev  0x0000000000000000      0x1d6 Core/Src/main.o
 .debug_abbrev  0x00000000000001d6      0x141 Core/Src/sct.o
 .debug_abbrev  0x0000000000000317      0x18c Core/Src/stm32f0xx_hal_msp.o
 .debug_abbrev  0x00000000000004a3       0xc6 Core/Src/stm32f0xx_it.o
 .debug_abbrev  0x0000000000000569      0x12b Core/Src/system_stm32f0xx.o
 .debug_abbrev  0x0000000000000694       0x12 Core/Startup/startup_stm32f030r8tx.o
 .debug_abbrev  0x00000000000006a6      0x1f2 Drivers/STM32F0xx_HAL_Driver/Src/stm32f0xx_hal.o
 .debug_abbrev  0x0000000000000898      0x273 Drivers/STM32F0xx_HAL_Driver/Src/stm32f0xx_hal_cortex.o
 .debug_abbrev  0x0000000000000b0b      0x1c0 Drivers/STM32F0xx_HAL_Driver/Src/stm32f0xx_hal_gpio.o
 .debug_abbrev  0x0000000000000ccb      0x20f Drivers/STM32F0xx_HAL_Driver/Src/stm32f0xx_hal_rcc.o
 .debug_abbrev  0x0000000000000eda      0x224 Drivers/STM32F0xx_HAL_Driver/Src/stm32f0xx_hal_uart.o

.debug_aranges  0x0000000000000000      0x5b0
 .debug_aranges
                0x0000000000000000       0x40 Core/Src/main.o
 .debug_aranges
                0x0000000000000040       0x30 Core/Src/sct.o
 .debug_aranges
                0x0000000000000070       0x30 Core/Src/stm32f0xx_hal_msp.o
 .debug_aranges
                0x00000000000000a0       0x40 Core/Src/stm32f0xx_it.o
 .debug_aranges
                0x00000000000000e0       0x28 Core/Src/system_stm32f0xx.o
 .debug_aranges
                0x0000000000000108       0x28 Core/Startup/startup_stm32f030r8tx.o
 .debug_aranges
                0x0000000000000130       0xd0 Drivers/STM32F0xx_HAL_Driver/Src/stm32f0xx_hal.o
 .debug_aranges
                0x0000000000000200       0xc0 Drivers/STM32F0xx_HAL_Driver/Src/stm32f0xx_hal_cortex.o
 .debug_aranges
                0x00000000000002c0       0x58 Drivers/STM32F0xx_HAL_Driver/Src/stm32f0xx_hal_gpio.o
 .debug_aranges
                0x0000000000000318       0x80 Drivers/STM32F0xx_HAL_Driver/Src/stm32f0xx_hal_rcc.o
 .debug_aranges
                0x0000000000000398      0x218 Drivers/STM32F0xx_HAL_Driver/Src/stm32f0xx_hal_uart.o

.debug_ranges   0x0000000000000000      0x538
 .debug_ranges  0x0000000000000000       0x30 Core/Src/main.o
 .debug_ranges  0x0000000000000030       0x20 Core/Src/sct.o
 .debug_ranges  0x0000000000000050       0x20 Core/Src/stm32f0xx_hal_msp.o
 .debug_ranges  0x0000000000000070       0x30 Core/Src/stm32f0xx_it.o
 .debug_ranges  0x00000000000000a0       0x18 Core/Src/system_stm32f0xx.o
 .debug_ranges  0x00000000000000b8       0x20 Core/Startup/startup_stm32f030r8tx.o
 .debug_ranges  0x00000000000000d8       0xc0 Drivers/STM32F0xx_HAL_Driver/Src/stm32f0xx_hal.o
 .debug_ranges  0x0000000000000198       0xb0 Drivers/STM32F0xx_HAL_Driver/Src/stm32f0xx_hal_cortex.o
 .debug_ranges  0x0000000000000248       0x48 Drivers/STM32F0xx_HAL_Driver/Src/stm32f0xx_hal_gpio.o
 .debug_ranges  0x0000000000000290       0x70 Drivers/STM32F0xx_HAL_Driver/Src/stm32f0xx_hal_rcc.o
 .debug_ranges  0x0000000000000300      0x238 Drivers/STM32F0xx_HAL_Driver/Src/stm32f0xx_hal_uart.o

.debug_macro    0x0000000000000000     0xea5e
 .debug_macro   0x0000000000000000      0x1c7 Core/Src/main.o
 .debug_macro   0x00000000000001c7      0xa48 Core/Src/main.o
 .debug_macro   0x0000000000000c0f      0x12d Core/Src/main.o
 .debug_macro   0x0000000000000d3c       0x2e Core/Src/main.o
 .debug_macro   0x0000000000000d6a       0x22 Core/Src/main.o
 .debug_macro   0x0000000000000d8c       0x22 Core/Src/main.o
 .debug_macro   0x0000000000000dae       0x8e Core/Src/main.o
 .debug_macro   0x0000000000000e3c       0x51 Core/Src/main.o
 .debug_macro   0x0000000000000e8d       0xef Core/Src/main.o
 .debug_macro   0x0000000000000f7c       0x6a Core/Src/main.o
 .debug_macro   0x0000000000000fe6      0x1df Core/Src/main.o
 .debug_macro   0x00000000000011c5       0x1c Core/Src/main.o
 .debug_macro   0x00000000000011e1       0x22 Core/Src/main.o
 .debug_macro   0x0000000000001203       0xb5 Core/Src/main.o
 .debug_macro   0x00000000000012b8      0x391 Core/Src/main.o
 .debug_macro   0x0000000000001649     0x6f39 Core/Src/main.o
 .debug_macro   0x0000000000008582       0x3c Core/Src/main.o
 .debug_macro   0x00000000000085be     0x3461 Core/Src/main.o
 .debug_macro   0x000000000000ba1f      0x174 Core/Src/main.o
 .debug_macro   0x000000000000bb93       0x55 Core/Src/main.o
 .debug_macro   0x000000000000bbe8      0x924 Core/Src/main.o
 .debug_macro   0x000000000000c50c      0x17f Core/Src/main.o
 .debug_macro   0x000000000000c68b      0x12f Core/Src/main.o
 .debug_macro   0x000000000000c7ba       0xd9 Core/Src/main.o
 .debug_macro   0x000000000000c893      0x1a0 Core/Src/main.o
 .debug_macro   0x000000000000ca33      0x1ed Core/Src/main.o
 .debug_macro   0x000000000000cc20       0x34 Core/Src/main.o
 .debug_macro   0x000000000000cc54       0x43 Core/Src/main.o
 .debug_macro   0x000000000000cc97       0x28 Core/Src/main.o
 .debug_macro   0x000000000000ccbf       0xb0 Core/Src/main.o
 .debug_macro   0x000000000000cd6f      0x199 Core/Src/main.o
 .debug_macro   0x000000000000cf08      0x22c Core/Src/main.o
 .debug_macro   0x000000000000d134       0x60 Core/Src/main.o
 .debug_macro   0x000000000000d194       0xa5 Core/Src/main.o
 .debug_macro   0x000000000000d239       0x4c Core/Src/main.o
 .debug_macro   0x000000000000d285       0x2b Core/Src/main.o
 .debug_macro   0x000000000000d2b0      0x55f Core/Src/main.o
 .debug_macro   0x000000000000d80f       0x3e Core/Src/main.o
 .debug_macro   0x000000000000d84d       0xff Core/Src/main.o
 .debug_macro   0x000000000000d94c       0x94 Core/Src/main.o
 .debug_macro   0x000000000000d9e0      0x1c1 Core/Src/sct.o
 .debug_macro   0x000000000000dba1       0x9a Core/Src/sct.o
 .debug_macro   0x000000000000dc3b      0x1bd Core/Src/stm32f0xx_hal_msp.o
 .debug_macro   0x000000000000ddf8      0x1c7 Core/Src/stm32f0xx_it.o
 .debug_macro   0x000000000000dfbf      0x1ae Core/Src/system_stm32f0xx.o
 .debug_macro   0x000000000000e16d      0x1d2 Drivers/STM32F0xx_HAL_Driver/Src/stm32f0xx_hal.o
 .debug_macro   0x000000000000e33f      0x1ae Drivers/STM32F0xx_HAL_Driver/Src/stm32f0xx_hal_cortex.o
 .debug_macro   0x000000000000e4ed      0x1e6 Drivers/STM32F0xx_HAL_Driver/Src/stm32f0xx_hal_gpio.o
 .debug_macro   0x000000000000e6d3      0x1c0 Drivers/STM32F0xx_HAL_Driver/Src/stm32f0xx_hal_rcc.o
 .debug_macro   0x000000000000e893      0x1cb Drivers/STM32F0xx_HAL_Driver/Src/stm32f0xx_hal_uart.o

.debug_line     0x0000000000000000     0x58af
 .debug_line    0x0000000000000000      0x773 Core/Src/main.o
 .debug_line    0x0000000000000773      0x71e Core/Src/sct.o
 .debug_line    0x0000000000000e91      0x707 Core/Src/stm32f0xx_hal_msp.o
 .debug_line    0x0000000000001598      0x72c Core/Src/stm32f0xx_it.o
 .debug_line    0x0000000000001cc4      0x6f2 Core/Src/system_stm32f0xx.o
 .debug_line    0x00000000000023b6       0x89 Core/Startup/startup_stm32f030r8tx.o
 .debug_line    0x000000000000243f      0x88e Drivers/STM32F0xx_HAL_Driver/Src/stm32f0xx_hal.o
 .debug_line    0x0000000000002ccd      0x8a6 Drivers/STM32F0xx_HAL_Driver/Src/stm32f0xx_hal_cortex.o
 .debug_line    0x0000000000003573      0x851 Drivers/STM32F0xx_HAL_Driver/Src/stm32f0xx_hal_gpio.o
 .debug_line    0x0000000000003dc4      0x94f Drivers/STM32F0xx_HAL_Driver/Src/stm32f0xx_hal_rcc.o
 .debug_line    0x0000000000004713     0x119c Drivers/STM32F0xx_HAL_Driver/Src/stm32f0xx_hal_uart.o

.debug_str      0x0000000000000000    0x58671
 .debug_str     0x0000000000000000    0x57230 Core/Src/main.o
                                      0x574fc (size before relaxing)
 .debug_str     0x0000000000057230       0x38 Core/Src/sct.o
                                      0x56eb5 (size before relaxing)
 .debug_str     0x0000000000057268       0x56 Core/Src/stm32f0xx_hal_msp.o
                                      0x57341 (size before relaxing)
 .debug_str     0x00000000000572be       0x76 Core/Src/stm32f0xx_it.o
                                      0x56e9f (size before relaxing)
 .debug_str     0x0000000000057334       0x5f Core/Src/system_stm32f0xx.o
                                      0x56ccb (size before relaxing)
 .debug_str     0x0000000000057393       0x36 Core/Startup/startup_stm32f030r8tx.o
                                         0x5b (size before relaxing)
 .debug_str     0x00000000000573c9      0x43a Drivers/STM32F0xx_HAL_Driver/Src/stm32f0xx_hal.o
                                      0x571d3 (size before relaxing)
 .debug_str     0x0000000000057803      0x1f0 Drivers/STM32F0xx_HAL_Driver/Src/stm32f0xx_hal_cortex.o
                                      0x5708b (size before relaxing)
 .debug_str     0x00000000000579f3      0x20e Drivers/STM32F0xx_HAL_Driver/Src/stm32f0xx_hal_gpio.o
                                      0x56f67 (size before relaxing)
 .debug_str     0x0000000000057c01      0x240 Drivers/STM32F0xx_HAL_Driver/Src/stm32f0xx_hal_rcc.o
                                      0x570d5 (size before relaxing)
 .debug_str     0x0000000000057e41      0x830 Drivers/STM32F0xx_HAL_Driver/Src/stm32f0xx_hal_uart.o
                                      0x5793c (size before relaxing)

.comment        0x0000000000000000       0x7b
 .comment       0x0000000000000000       0x7b Core/Src/main.o
                                         0x7c (size before relaxing)
 .comment       0x000000000000007b       0x7c Core/Src/sct.o
 .comment       0x000000000000007b       0x7c Core/Src/stm32f0xx_hal_msp.o
 .comment       0x000000000000007b       0x7c Core/Src/stm32f0xx_it.o
 .comment       0x000000000000007b       0x7c Core/Src/system_stm32f0xx.o
 .comment       0x000000000000007b       0x7c Drivers/STM32F0xx_HAL_Driver/Src/stm32f0xx_hal.o
 .comment       0x000000000000007b       0x7c Drivers/STM32F0xx_HAL_Driver/Src/stm32f0xx_hal_cortex.o
 .comment       0x000000000000007b       0x7c Drivers/STM32F0xx_HAL_Driver/Src/stm32f0xx_hal_gpio.o
 .comment       0x000000000000007b       0x7c Drivers/STM32F0xx_HAL_Driver/Src/stm32f0xx_hal_rcc.o
 .comment       0x000000000000007b       0x7c Drivers/STM32F0xx_HAL_Driver/Src/stm32f0xx_hal_uart.o

.debug_frame    0x0000000000000000     0x12d0
 .debug_frame   0x0000000000000000       0xa4 Core/Src/main.o
 .debug_frame   0x00000000000000a4       0x6c Core/Src/sct.o
 .debug_frame   0x0000000000000110       0x70 Core/Src/stm32f0xx_hal_msp.o
 .debug_frame   0x0000000000000180       0x9c Core/Src/stm32f0xx_it.o
 .debug_frame   0x000000000000021c       0x4c Core/Src/system_stm32f0xx.o
 .debug_frame   0x0000000000000268      0x2a4 Drivers/STM32F0xx_HAL_Driver/Src/stm32f0xx_hal.o
 .debug_frame   0x000000000000050c      0x2a0 Drivers/STM32F0xx_HAL_Driver/Src/stm32f0xx_hal_cortex.o
 .debug_frame   0x00000000000007ac      0x110 Drivers/STM32F0xx_HAL_Driver/Src/stm32f0xx_hal_gpio.o
 .debug_frame   0x00000000000008bc      0x198 Drivers/STM32F0xx_HAL_Driver/Src/stm32f0xx_hal_rcc.o
 .debug_frame   0x0000000000000a54      0x810 Drivers/STM32F0xx_HAL_Driver/Src/stm32f0xx_hal_uart.o
 .debug_frame   0x0000000000001264       0x2c d:/skola/mks/stm/stm32cubeide_1.4.0/stm32cubeide/plugins/com.st.stm32cube.ide.mcu.externaltools.gnu-tools-for-stm32.7-2018-q2-update.win32_1.4.0.202007081208/tools/bin/../lib/gcc/arm-none-eabi/7.3.1/../../../../arm-none-eabi/lib/thumb/v6-m\libc_nano.a(lib_a-init.o)
 .debug_frame   0x0000000000001290       0x20 d:/skola/mks/stm/stm32cubeide_1.4.0/stm32cubeide/plugins/com.st.stm32cube.ide.mcu.externaltools.gnu-tools-for-stm32.7-2018-q2-update.win32_1.4.0.202007081208/tools/bin/../lib/gcc/arm-none-eabi/7.3.1/../../../../arm-none-eabi/lib/thumb/v6-m\libc_nano.a(lib_a-memset.o)
 .debug_frame   0x00000000000012b0       0x20 d:/skola/mks/stm/stm32cubeide_1.4.0/stm32cubeide/plugins/com.st.stm32cube.ide.mcu.externaltools.gnu-tools-for-stm32.7-2018-q2-update.win32_1.4.0.202007081208/tools/bin/../lib/gcc/arm-none-eabi/7.3.1/thumb/v6-m\libgcc.a(_udivsi3.o)
