main.c:85:16:platform_write	48	static
main.c:90:16:platform_read	48	static
main.c:96:5:_write	24	static
main.c:108:5:main	120	static
main.c:195:6:SystemClock_Config	96	static
main.c:240:13:MX_I2C1_Init	8	static
main.c:286:13:MX_USART2_UART_Init	8	static
main.c:321:13:MX_GPIO_Init	56	static
main.c:370:6:StartDefaultTask	16	static
main.c:388:6:StartVisualTask	24	static
main.c:416:6:StartAcceleroTask	40	static
main.c:477:6:HAL_TIM_PeriodElapsedCallback	16	static
main.c:494:6:Error_Handler	8	static
